exports[`chart card view > XHR response example - snapshot #0`] =
[
  {
    "certification_details": null,
    "certified_by": null,
    "changed_by": null,
    "changed_by_name": "",
    "changed_by_url": "",
    "changed_on_delta_humanized": "3 days ago",
    "changed_on_utc": "2022-03-27T16:51:52.495903+0000",
    "created_by": null,
    "css": null,
    "dashboard_title": "Unicode Test",
    "id": 4,
    "json_metadata": "{}",
    "owners": [],
    "position_json": "{\"CHART-Hkx6154FEm\": {\"children\": [], \"id\": \"CHART-Hkx6154FEm\", \"meta\": {\"chartId\": 34, \"height\": 30, \"sliceName\": \"slice 1\", \"width\": 4, \"uuid\": \"609e26d8-8e1e-4097-9751-931708e24ee4\"}, \"type\": \"CHART\"}, \"GRID_ID\": {\"children\": [\"ROW-SyT19EFEQ\"], \"id\": \"GRID_ID\", \"type\": \"GRID\"}, \"ROOT_ID\": {\"children\": [\"GRID_ID\"], \"id\": \"ROOT_ID\", \"type\": \"ROOT\"}, \"ROW-SyT19EFEQ\": {\"children\": [\"CHART-Hkx6154FEm\"], \"id\": \"ROW-SyT19EFEQ\", \"meta\": {\"background\": \"BACKGROUND_TRANSPARENT\"}, \"type\": \"ROW\"}, \"DASHBOARD_VERSION_KEY\": \"v2\"}",
    "published": true,
    "roles": [],
    "slug": "unicode-test",
    "status": "published",
    "thumbnail_url": "/api/v1/dashboard/4/thumbnail/17cfcbc98485e411d238447834314573/",
    "url": "/superset/dashboard/unicode-test/"
  }
];
